[html-templates.evonicmedia.com/finteezy/index.html]
[backblue.gif]
[fade.gif]
[index.html]
[html-templates.evonicmedia.com/finteezy/assets/images/fav_icon.svg]
[html-templates.evonicmedia.com/finteezy/assets/css/bootstrap-lib/bootstrap.min.css]
[html-templates.evonicmedia.com/finteezy/assets/css/style.css]
[html-templates.evonicmedia.com/finteezy/assets/css/responsive.css]
[html-templates.evonicmedia.com/finteezy/assets/font-awesome-lib/icon/font-awesome.min.css]
[html-templates.evonicmedia.com/finteezy/assets/css/slick.min.css]
[html-templates.evonicmedia.com/finteezy/assets/css/aos.css]
[html-templates.evonicmedia.com/finteezy/assets/images/logo.svg]
[html-templates.evonicmedia.com/finteezy/About.html]
[html-templates.evonicmedia.com/finteezy/Services.html]
[html-templates.evonicmedia.com/finteezy/Pricing.html]
[html-templates.evonicmedia.com/finteezy/Testimonials.html]
[html-templates.evonicmedia.com/finteezy/Team.html]
[html-templates.evonicmedia.com/finteezy/Blogs.html]
[html-templates.evonicmedia.com/finteezy/BlogDetails.html]
[html-templates.evonicmedia.com/finteezy/Error.html]
[html-templates.evonicmedia.com/finteezy/ComingSoon.html]
[html-templates.evonicmedia.com/finteezy/Contact.html]
[html-templates.evonicmedia.com/finteezy/assets/images/icons/search.svg]
[html-templates.evonicmedia.com/finteezy/assets/images/index/reviewImg_1.webp]
[html-templates.evonicmedia.com/finteezy/assets/images/index/reviewImg_2.webp]
[html-templates.evonicmedia.com/finteezy/assets/images/index/reviewImg_3.webp]
[html-templates.evonicmedia.com/finteezy/assets/images/index/credit_cards.webp]
[html-templates.evonicmedia.com/finteezy/assets/images/icons/partnerlogo1.svg]
[html-templates.evonicmedia.com/finteezy/assets/images/icons/partnerlogo2.svg]
[html-templates.evonicmedia.com/finteezy/assets/images/icons/partnerlogo3.svg]
[html-templates.evonicmedia.com/finteezy/assets/images/icons/partnerlogo4.svg]
[html-templates.evonicmedia.com/finteezy/assets/images/icons/person.svg]
[html-templates.evonicmedia.com/finteezy/assets/images/icons/transaction.svg]
[html-templates.evonicmedia.com/finteezy/assets/images/icons/investment.svg]
[html-templates.evonicmedia.com/finteezy/assets/images/icons/card.svg]
[html-templates.evonicmedia.com/finteezy/assets/images/index/registration_mobile.webp]
[html-templates.evonicmedia.com/finteezy/assets/images/icons/income_icon.svg]
[html-templates.evonicmedia.com/finteezy/assets/images/icons/icon_expenses.svg]
[html-templates.evonicmedia.com/finteezy/assets/images/index/monthly_Graph.webp]
[html-templates.evonicmedia.com/finteezy/assets/images/index/download_Img.webp]
[html-templates.evonicmedia.com/finteezy/assets/images/icons/apple.svg]
[html-templates.evonicmedia.com/finteezy/assets/images/icons/playstore.svg]
[html-templates.evonicmedia.com/finteezy/assets/images/index/sender.webp]
[html-templates.evonicmedia.com/finteezy/assets/images/index/reciever.webp]
[html-templates.evonicmedia.com/finteezy/assets/images/icons/flag1.svg]
[html-templates.evonicmedia.com/finteezy/assets/images/icons/telegram.png]
[html-templates.evonicmedia.com/finteezy/assets/images/icons/flag2.svg]
[html-templates.evonicmedia.com/finteezy/assets/images/index/benefitsMobile.webp]
[html-templates.evonicmedia.com/finteezy/assets/images/icons/comma.svg]
[html-templates.evonicmedia.com/finteezy/assets/images/index/testimonial_1.webp]
[html-templates.evonicmedia.com/finteezy/assets/images/index/testimonial_3.webp]
[html-templates.evonicmedia.com/finteezy/assets/images/index/pricing_card.webp]
[html-templates.evonicmedia.com/finteezy/assets/images/index/blog_img1.webp]
[html-templates.evonicmedia.com/finteezy/assets/images/index/blog_img2.webp]
[html-templates.evonicmedia.com/finteezy/assets/images/index/blog_img3.webp]
[html-templates.evonicmedia.com/finteezy/assets/images/index/faqsGirl.webp]
[html-templates.evonicmedia.com/finteezy/assets/images/icons/Confirmation_1.gif]
[html-templates.evonicmedia.com/cdn-cgi/scripts/5c5dd728/cloudflare-static/email-decode.min.js]
[html-templates.evonicmedia.com/finteezy/assets/js/javascript-lib/bootstrap.min.js]
[html-templates.evonicmedia.com/finteezy/assets/js/jquery.js]
[html-templates.evonicmedia.com/finteezy/assets/js/slick.min.js]
[html-templates.evonicmedia.com/finteezy/assets/js/custom.js]
[html-templates.evonicmedia.com/finteezy/assets/js/aos.js]
[html-templates.evonicmedia.com/cdn-cgi/scripts/7d0fa10a/cloudflare-static/rocket-loader.min.js]
[html-templates.evonicmedia.com/finteezy/index.html]
[html-templates.evonicmedia.com/finteezy/assets/images/fav_icon.svg]
[html-templates.evonicmedia.com/finteezy/assets/css/bootstrap-lib/bootstrap.min.css]
[html-templates.evonicmedia.com/cdn-cgi/challenge-platform/h/b/scripts/jsd/708f7a809116/maind41d.js]
[html-templates.evonicmedia.com/finteezy/assets/images/logo2.svg]
[html-templates.evonicmedia.com/finteezy/assets/css/style.css]
[html-templates.evonicmedia.com/finteezy/assets/css/responsive.css]
[html-templates.evonicmedia.com/finteezy/assets/images/icons/botted_circle.svg]
[html-templates.evonicmedia.com/finteezy/assets/font-awesome-lib/webfonts/fa-brands-400.woff2]
[html-templates.evonicmedia.com/finteezy/assets/font-awesome-lib/webfonts/fa-brands-400.ttf]
[html-templates.evonicmedia.com/finteezy/assets/font-awesome-lib/webfonts/fa-regular-400.woff2]
[html-templates.evonicmedia.com/finteezy/assets/font-awesome-lib/webfonts/fa-regular-400.ttf]
[html-templates.evonicmedia.com/finteezy/assets/font-awesome-lib/webfonts/fa-solid-900.woff2]
[html-templates.evonicmedia.com/finteezy/assets/font-awesome-lib/webfonts/fa-v4compatibility.woff2]
[html-templates.evonicmedia.com/finteezy/assets/font-awesome-lib/webfonts/fa-v4compatibility.ttf]
[html-templates.evonicmedia.com/finteezy/assets/font-awesome-lib/icon/font-awesome.min.css]
[html-templates.evonicmedia.com/finteezy/assets/css/slick.min.css]
[html-templates.evonicmedia.com/finteezy/assets/css/aos.css]
[html-templates.evonicmedia.com/finteezy/assets/images/logo.svg]
[html-templates.evonicmedia.com/finteezy/assets/images/About/mission_img.webp]
[html-templates.evonicmedia.com/finteezy/assets/font-awesome-lib/webfonts/fa-solid-900.ttf]
[html-templates.evonicmedia.com/finteezy/assets/images/About/onlineTransfer.webp]
[html-templates.evonicmedia.com/finteezy/assets/images/About/sender.webp]
[html-templates.evonicmedia.com/finteezy/assets/images/About/reciever.webp]
[html-templates.evonicmedia.com/finteezy/assets/images/About/benefitsMobile.webp]
[html-templates.evonicmedia.com/finteezy/assets/images/About/teamImg_1.webp]
[html-templates.evonicmedia.com/finteezy/assets/images/About/teamImg_2.webp]
[html-templates.evonicmedia.com/finteezy/assets/images/About/teamImg_3.webp]
[html-templates.evonicmedia.com/finteezy/assets/images/About/testimonial_1.webp]
[html-templates.evonicmedia.com/finteezy/assets/images/About/testimonial_3.webp]
[html-templates.evonicmedia.com/finteezy/About.html]
[html-templates.evonicmedia.com/finteezy/assets/images/Services/features.webp]
[html-templates.evonicmedia.com/finteezy/assets/images/icons/bills.svg]
[html-templates.evonicmedia.com/finteezy/assets/images/icons/debit.svg]
[html-templates.evonicmedia.com/finteezy/assets/images/icons/funds.svg]
[html-templates.evonicmedia.com/finteezy/assets/images/icons/invest.svg]
[html-templates.evonicmedia.com/finteezy/assets/images/icons/loan.svg]
[html-templates.evonicmedia.com/finteezy/Services.html]
[html-templates.evonicmedia.com/finteezy/assets/images/icons/wallet.svg]
[html-templates.evonicmedia.com/finteezy/assets/images/Pricing/pricing_card.webp]
[html-templates.evonicmedia.com/finteezy/assets/images/Pricing/faqsGirl.webp]
[html-templates.evonicmedia.com/finteezy/Pricing.html]
[html-templates.evonicmedia.com/finteezy/assets/images/Testimonials/testimonial_1.webp]
[html-templates.evonicmedia.com/finteezy/assets/images/Testimonials/reciever.webp]
[html-templates.evonicmedia.com/finteezy/assets/images/Testimonials/testimonial_3.webp]
[html-templates.evonicmedia.com/finteezy/assets/images/Testimonials/faqsGirl.webp]
[html-templates.evonicmedia.com/finteezy/Testimonials.html]
[html-templates.evonicmedia.com/finteezy/assets/images/Team/teamImg_1.webp]
[html-templates.evonicmedia.com/finteezy/assets/images/Team/teamImg_2.webp]
[html-templates.evonicmedia.com/finteezy/assets/images/Team/teamImg_3.webp]
[html-templates.evonicmedia.com/finteezy/assets/images/Team/teamimg_4.webp]
[html-templates.evonicmedia.com/finteezy/assets/images/Team/teamimg_5.webp]
[html-templates.evonicmedia.com/finteezy/assets/images/Team/teamimg_6.webp]
[html-templates.evonicmedia.com/finteezy/Team.html]
[html-templates.evonicmedia.com/finteezy/assets/images/Blogs/blog_img1.webp]
[html-templates.evonicmedia.com/finteezy/assets/images/Blogs/blog_img2.webp]
[html-templates.evonicmedia.com/finteezy/assets/images/Blogs/blog_img3.webp]
[html-templates.evonicmedia.com/finteezy/Blogs.html]
[html-templates.evonicmedia.com/finteezy/assets/images/BlogDetails/blogDetails.webp]
[html-templates.evonicmedia.com/finteezy/assets/images/BlogDetails/detial.webp]
[html-templates.evonicmedia.com/finteezy/BlogDetails.html]
[html-templates.evonicmedia.com/finteezy/assets/images/Error/404_img.webp]
[html-templates.evonicmedia.com/finteezy/Error.html]
[html-templates.evonicmedia.com/finteezy/assets/images/ComingSoon/comingSoon_img.webp]
[html-templates.evonicmedia.com/finteezy/ComingSoon.html]
[html-templates.evonicmedia.com/finteezy/Contact.html]
[html-templates.evonicmedia.com/finteezy/assets/images/icons/search.svg]
[html-templates.evonicmedia.com/finteezy/assets/images/icons/partnerlogo1.svg]
[html-templates.evonicmedia.com/finteezy/assets/images/icons/partnerlogo2.svg]
[html-templates.evonicmedia.com/finteezy/assets/images/icons/partnerlogo3.svg]
[html-templates.evonicmedia.com/finteezy/assets/images/icons/partnerlogo4.svg]
[html-templates.evonicmedia.com/finteezy/assets/images/icons/person.svg]
[html-templates.evonicmedia.com/finteezy/assets/images/icons/transaction.svg]
[html-templates.evonicmedia.com/finteezy/assets/images/icons/investment.svg]
[html-templates.evonicmedia.com/finteezy/assets/images/icons/card.svg]
[html-templates.evonicmedia.com/finteezy/assets/images/icons/income_icon.svg]
[html-templates.evonicmedia.com/finteezy/assets/images/icons/icon_expenses.svg]
[html-templates.evonicmedia.com/finteezy/assets/images/icons/apple.svg]
[html-templates.evonicmedia.com/finteezy/assets/images/icons/playstore.svg]
[html-templates.evonicmedia.com/finteezy/assets/images/icons/flag1.svg]
[html-templates.evonicmedia.com/finteezy/assets/images/icons/flag2.svg]
[html-templates.evonicmedia.com/finteezy/assets/images/icons/comma.svg]
[html-templates.evonicmedia.com/finteezy/assets/images/logo2.svg]
[html-templates.evonicmedia.com/finteezy/assets/images/icons/botted_circle.svg]
[html-templates.evonicmedia.com/finteezy/assets/font-awesome-lib/webfonts/fa-v4compatibility.html]
[html-templates.evonicmedia.com/finteezy/assets/font-awesome-lib/webfonts/fa-v4compatibility-2.html]
[html-templates.evonicmedia.com/finteezy/assets/images/icons/bills.svg]
[html-templates.evonicmedia.com/finteezy/assets/images/icons/debit.svg]
[html-templates.evonicmedia.com/finteezy/assets/images/icons/funds.svg]
[html-templates.evonicmedia.com/finteezy/assets/images/icons/invest.svg]
[html-templates.evonicmedia.com/finteezy/assets/images/icons/loan.svg]
[html-templates.evonicmedia.com/finteezy/assets/images/icons/wallet.svg]
